{
    "actor": {
        "openid": "anonymous_id",
        "objectType": "Agent"
    },
    "context": {
        "contextActivities": {
            "parent": [
                {
                    "id": "block-v1:edX+DemoX+Demo_Course+type@sequential+block@48ecb924d7fe4b66a230137626bfa93e",
                    "objectType": "Activity"
                }
            ]
        },
        "extensions": {
            "http://id.tincanapi.com/extension/starting-position": 1
        }
    },
    "object": {
        "definition": {
            "extensions": {
                "http://id.tincanapi.com/extension/position": 4
            },
            "type": "http://adlnet.gov/expapi/activities/module"
        },
        "id": "block-v1:edX+DemoX+Demo_Course+type@sequential+block@48ecb924d7fe4b66a230137626bfa93e",
        "objectType": "Activity"
    },
    "timestamp": "2020-08-04T13:02:23.222871+00:00",
    "verb": {
        "display": {
            "en": "initialized"
        },
        "id": "http://adlnet.gov/expapi/verbs/initialized"
    },
    "version": "1.0.1"
}
